{"level":"info","ts":1730007275.6775541,"msg":"Success...{statusCode 15 0 200 OK <nil>} {url 15 0 https://www.baidu.com <nil>}"}
